// Jest Snapshot v1, https://goo.gl/fbAQLP

exports[`App snapshot renders 1`] = `
Array [
  <div
    className="sc-jSFjdj dmiDui"
  >
    <div
      className="sc-iqAclL dvKyuS"
    >
      <div
        className="sc-crzoAE eagBrb"
      >
        <img
          alt="logo"
          className="sc-gtsrHT gKttTv"
          src="logo.png"
        />
        <h1>
          Rockstars app
        </h1>
      </div>
      <div
        className="sc-dIsUp cAtrdt"
      >
        <button
          className="sc-bqGGPW jMXrbk"
          onClick={[Function]}
        >
          <svg
            aria-hidden="true"
            className="svg-inline--fa fa-hamburger fa-w-16 "
            data-icon="hamburger"
            data-prefix="fas"
            focusable="false"
            role="img"
            style={Object {}}
            viewBox="0 0 512 512"
            xmlns="http://www.w3.org/2000/svg"
          >
            <path
              d="M464 256H48a48 48 0 0 0 0 96h416a48 48 0 0 0 0-96zm16 128H32a16 16 0 0 0-16 16v16a64 64 0 0 0 64 64h352a64 64 0 0 0 64-64v-16a16 16 0 0 0-16-16zM58.64 224h394.72c34.57 0 54.62-43.9 34.82-75.88C448 83.2 359.55 32.1 256 32c-103.54.1-192 51.2-232.18 116.11C4 180.09 24.07 224 58.64 224zM384 112a16 16 0 1 1-16 16 16 16 0 0 1 16-16zM256 80a16 16 0 1 1-16 16 16 16 0 0 1 16-16zm-128 32a16 16 0 1 1-16 16 16 16 0 0 1 16-16z"
              fill="currentColor"
              style={Object {}}
            />
          </svg>
        </button>
      </div>
    </div>
    <div
      className="sc-bdnxRM hxCrGu"
    >
      <div
        className="sc-dlnjwi kjAgwx"
      >
        <div
          className="sc-eCApnc kMjsgI"
        >
          <div>
            <span>
              Playlist
            </span>
            <svg
              aria-hidden="true"
              className="svg-inline--fa fa-heart fa-w-16 "
              color="#ea3100"
              data-icon="heart"
              data-prefix="fas"
              focusable="false"
              role="img"
              style={Object {}}
              viewBox="0 0 512 512"
              xmlns="http://www.w3.org/2000/svg"
            >
              <path
                d="M462.3 62.6C407.5 15.9 326 24.3 275.7 76.2L256 96.5l-19.7-20.3C186.1 24.3 104.5 15.9 49.7 62.6c-62.8 53.6-66.1 149.8-9.9 207.9l193.5 199.8c12.5 12.9 32.8 12.9 45.3 0l193.5-199.8c56.3-58.1 53-154.3-9.8-207.9z"
                fill="currentColor"
                style={Object {}}
              />
            </svg>
          </div>
        </div>
        <ul
          className="sc-fujyAs jrbMWL"
          id=""
        />
      </div>
      <div
        className="sc-hKFxyN jXaqPd"
      >
        <div
          className="sc-eCApnc kMjsgI"
        >
          <span>
            Full list
          </span>
          <input
            className="sc-jrsJWt eRzbuS"
            onChange={[Function]}
            placeholder="Search artist.."
            type="input"
          />
        </div>
        <ul
          className="sc-fujyAs jrbMWL"
          id="scrollableDiv"
        >
          <div
            className="infinite-scroll-component__outerdiv"
            style={Object {}}
          >
            <div
              className="infinite-scroll-component "
              style={
                Object {
                  "WebkitOverflowScrolling": "touch",
                  "height": "auto",
                  "overflow": "auto",
                }
              }
            >
              <div
                className="sc-pNWdM iNdOsy"
              />
            </div>
          </div>
        </ul>
      </div>
    </div>
  </div>,
  <div
    className="sc-kEqXSa iCPckk"
  >
    <h3>
      Menu
    </h3>
    <hr />
    <button
      onClick={[Function]}
    >
      Add playlist
    </button>
  </div>,
]
`;
